mock upstream listening on 0.0.0.0:18081
----------------------------------------
Exception occurred during processing of request from ('10.244.0.7', 34074)
Traceback (most recent call last):
  File "/usr/local/lib/python3.13/socketserver.py", line 697, in process_request_thread
    self.finish_request(request, client_address)
    ~~~~~~~~~~~~~~~~~~~^^^^^^^^^^^^^^^^^^^^^^^^^
  File "/usr/local/lib/python3.13/socketserver.py", line 362, in finish_request
    self.RequestHandlerClass(request, client_address, self)
    ~~~~~~~~~~~~~~~~~~~~~~~~^^^^^^^^^^^^^^^^^^^^^^^^^^^^^^^
  File "/usr/local/lib/python3.13/socketserver.py", line 766, in __init__
    self.handle()
    ~~~~~~~~~~~^^
  File "/usr/local/lib/python3.13/http/server.py", line 447, in handle
    self.handle_one_request()
    ~~~~~~~~~~~~~~~~~~~~~~~^^
  File "/usr/local/lib/python3.13/http/server.py", line 435, in handle_one_request
    method()
    ~~~~~~^^
  File "/app/mock_upstream.py", line 65, in do_POST
    self._write_json(
    ~~~~~~~~~~~~~~~~^
        200,
        ^^^^
    ...<6 lines>...
        },
        ^^
    )
    ^
  File "/app/mock_upstream.py", line 24, in _write_json
    self.wfile.write(body)
    ~~~~~~~~~~~~~~~~^^^^^^
  File "/usr/local/lib/python3.13/socketserver.py", line 845, in write
    self._sock.sendall(b)
    ~~~~~~~~~~~~~~~~~~^^^
BrokenPipeError: [Errno 32] Broken pipe
----------------------------------------
